
tests/benchmarks/test_demographic_perf.py::test_demographic_manager_perf PASSED [  0%]
tests/common/test_protocol.py::TestProtocolShield::test_authorized_call PASSED [  0%]
tests/common/test_protocol.py::TestProtocolShield::test_disabled_shield PASSED [  0%]
tests/common/test_protocol.py::TestProtocolShield::test_unauthorized_call PASSED [  0%]
tests/finance/test_account_registry.py::test_account_registry_integration PASSED [  0%]
tests/finance/test_account_registry.py::test_settlement_default_registry PASSED [  0%]
tests/finance/test_circular_imports_fix.py::test_finance_system_instantiation_and_protocols PASSED [  0%]
tests/finance/test_circular_imports_fix.py::test_issue_treasury_bonds_protocol_usage PASSED [  0%]
tests/finance/test_circular_imports_fix.py::test_evaluate_solvency_protocol_usage PASSED [  0%]
tests/finance/test_monetary_expansion_handler.py::TestMonetaryExpansionWarning::test_repro_warning PASSED [  0%]
tests/finance/test_protocol_integrity.py::TestProtocolIntegrity::test_settlement_overdraft_protection PASSED [  0%]
tests/finance/test_protocol_integrity.py::TestProtocolIntegrity::test_settlement_zero_sum PASSED [  1%]
tests/finance/test_protocol_integrity.py::TestProtocolIntegrity::test_central_bank_infinite_funds PASSED [  1%]
tests/finance/test_protocol_integrity.py::TestProtocolIntegrity::test_real_estate_unit_lien_dto PASSED [  1%]
tests/finance/test_protocol_integrity.py::TestProtocolIntegrity::test_housing_system_maintenance_zero_sum PASSED [  1%]
tests/finance/test_protocol_integrity.py::TestProtocolIntegrity::test_housing_system_rent_zero_sum PASSED [  1%]
tests/finance/test_settlement_fx_swap.py::test_execute_swap_success PASSED [  1%]
tests/finance/test_settlement_fx_swap.py::test_execute_swap_insufficient_funds_rollback PASSED [  1%]
tests/finance/test_settlement_fx_swap.py::test_execute_swap_invalid_amounts PASSED [  1%]
tests/finance/test_settlement_fx_swap.py::test_execute_swap_missing_agent PASSED [  1%]
tests/finance/test_settlement_integrity.py::TestSettlementIntegrity::test_transfer_float_raises_error PASSED [  1%]
tests/finance/test_settlement_integrity.py::TestSettlementIntegrity::test_create_and_transfer_float_raises_error PASSED [  1%]
tests/finance/test_settlement_integrity.py::TestSettlementIntegrity::test_issue_treasury_bonds_float_leak PASSED [  1%]
tests/finance/test_solvency_logic.py::TestSolvencyLogic::test_solvency_grace_period_solvent PASSED [  2%]
tests/finance/test_solvency_logic.py::TestSolvencyLogic::test_solvency_grace_period_insolvent PASSED [  2%]
tests/finance/test_solvency_logic.py::TestSolvencyLogic::test_solvency_established_firm PASSED [  2%]
tests/finance/test_solvency_logic.py::TestSolvencyLogic::test_firm_implementation PASSED [  2%]
tests/forensics/test_bond_liquidity.py::test_bond_issuance_checks_liquidity PASSED [  2%]
tests/forensics/test_escheatment_crash.py::test_escheatment_handler_null_metadata_crash PASSED [  2%]
tests/forensics/test_ghost_account.py::test_settlement_to_unregistered_agent_handling PASSED [  2%]
tests/forensics/test_saga_integrity.py::test_saga_orchestrator_rejects_incomplete_dto FAILED [  2%]
tests/initialization/test_atomic_startup.py::TestAtomicStartup::test_atomic_startup_phase_validation PASSED [  2%]
tests/integration/mission_int_02_stress_test.py::test_hyperinflation_scenario PASSED [  2%]
tests/integration/mission_int_02_stress_test.py::test_bank_run_scenario PASSED [  2%]
tests/integration/mission_int_02_stress_test.py::test_inventory_destruction_scenario PASSED [  3%]
tests/integration/mission_int_02_stress_test.py::test_parameter_rollback PASSED [  3%]
tests/integration/scenarios/diagnosis/test_agent_decision.py::test_household_makes_decision PASSED [  3%]
tests/integration/scenarios/diagnosis/test_agent_decision.py::test_firm_makes_decision PASSED [  3%]
tests/integration/scenarios/diagnosis/test_api_contract.py::test_api_contract_placeholder PASSED [  3%]
tests/integration/scenarios/diagnosis/test_dashboard_contract.py::test_dashboard_snapshot_structure PASSED [  3%]
tests/integration/scenarios/diagnosis/test_indicator_pipeline.py::test_indicator_aggregation PASSED [  3%]
tests/integration/scenarios/diagnosis/test_market_mechanics.py::test_order_book_matching PASSED [  3%]
tests/integration/scenarios/phase21/test_automation.py::test_firm_automation_init PASSED [  3%]
tests/integration/scenarios/phase21/test_automation.py::test_production_function_with_automation PASSED [  3%]
tests/integration/scenarios/phase21/test_automation.py::test_system2_planner_guidance PASSED [  3%]
tests/integration/scenarios/phase21/test_firm_system2.py::test_system2_planner_guidance_automation_preference PASSED [  3%]
tests/integration/scenarios/phase21/test_firm_system2.py::test_system2_planner_guidance_ma_preference PASSED [  4%]
tests/integration/scenarios/phase21/test_firm_system2.py::test_system2_planner_with_debt PASSED [  4%]
tests/integration/scenarios/test_scenario_runner.py::TestScenarioRunner::test_run_scenario[/app/tests/integration/scenarios/definitions/gold_standard.json]